<?xml version="1.0" encoding="UTF-8"?>
<testsuites>
  <testsuite name="/app/phpunit-ci.xml" tests="129" assertions="2738" errors="0" failures="0" skipped="0" time="21.164401">
    <testsuite name="Unit" tests="39" assertions="64" errors="0" failures="0" skipped="0" time="1.507164">
      <testsuite name="Tests\Unit\Playground\Cms\Api\Http\Requests\FormRequest\InstanceTest" file="/app/tests/Unit/Http/Requests/FormRequest/InstanceTest.php" tests="5" assertions="6" errors="0" failures="0" skipped="0" time="0.332687">
        <testcase name="test_form_request_authorize_without_user" file="/app/tests/Unit/Http/Requests/FormRequest/InstanceTest.php" line="23" class="Tests\Unit\Playground\Cms\Api\Http\Requests\FormRequest\InstanceTest" classname="Tests.Unit.Playground.Cms.Api.Http.Requests.FormRequest.InstanceTest" assertions="1" time="0.166638"/>
        <testcase name="test_rules_is_empty_by_default" file="/app/tests/Unit/Http/Requests/FormRequest/InstanceTest.php" line="30" class="Tests\Unit\Playground\Cms\Api\Http\Requests\FormRequest\InstanceTest" classname="Tests.Unit.Playground.Cms.Api.Http.Requests.FormRequest.InstanceTest" assertions="2" time="0.035013"/>
        <testcase name="test_user_has_admin_privileges_without_user" file="/app/tests/Unit/Http/Requests/FormRequest/InstanceTest.php" line="38" class="Tests\Unit\Playground\Cms\Api\Http\Requests\FormRequest\InstanceTest" classname="Tests.Unit.Playground.Cms.Api.Http.Requests.FormRequest.InstanceTest" assertions="1" time="0.034337"/>
        <testcase name="test_user_has_admin_privileges_with_admin" file="/app/tests/Unit/Http/Requests/FormRequest/InstanceTest.php" line="45" class="Tests\Unit\Playground\Cms\Api\Http\Requests\FormRequest\InstanceTest" classname="Tests.Unit.Playground.Cms.Api.Http.Requests.FormRequest.InstanceTest" assertions="1" time="0.056216"/>
        <testcase name="test_user_has_admin_privileges_with_default_laravel_user" file="/app/tests/Unit/Http/Requests/FormRequest/InstanceTest.php" line="57" class="Tests\Unit\Playground\Cms\Api\Http\Requests\FormRequest\InstanceTest" classname="Tests.Unit.Playground.Cms.Api.Http.Requests.FormRequest.InstanceTest" assertions="1" time="0.040484"/>
      </testsuite>
      <testsuite name="Tests\Unit\Playground\Cms\Api\Http\Requests\Page\CreateRequestTest" file="/app/tests/Unit/Http/Requests/Page/CreateRequestTest.php" tests="1" assertions="1" errors="0" failures="0" skipped="0" time="0.033753">
        <testcase name="test_request_instance" file="/app/vendor/gammamatrix/playground-test/src/Unit/Http/Requests/RequestCase.php" line="42" class="Tests\Unit\Playground\Cms\Api\Http\Requests\Page\CreateRequestTest" classname="Tests.Unit.Playground.Cms.Api.Http.Requests.Page.CreateRequestTest" assertions="1" time="0.033753"/>
      </testsuite>
      <testsuite name="Tests\Unit\Playground\Cms\Api\Http\Requests\Page\DestroyRequestTest" file="/app/tests/Unit/Http/Requests/Page/DestroyRequestTest.php" tests="1" assertions="1" errors="0" failures="0" skipped="0" time="0.034880">
        <testcase name="test_request_instance" file="/app/vendor/gammamatrix/playground-test/src/Unit/Http/Requests/RequestCase.php" line="42" class="Tests\Unit\Playground\Cms\Api\Http\Requests\Page\DestroyRequestTest" classname="Tests.Unit.Playground.Cms.Api.Http.Requests.Page.DestroyRequestTest" assertions="1" time="0.034880"/>
      </testsuite>
      <testsuite name="Tests\Unit\Playground\Cms\Api\Http\Requests\Page\EditRequestTest" file="/app/tests/Unit/Http/Requests/Page/EditRequestTest.php" tests="1" assertions="1" errors="0" failures="0" skipped="0" time="0.034340">
        <testcase name="test_request_instance" file="/app/vendor/gammamatrix/playground-test/src/Unit/Http/Requests/RequestCase.php" line="42" class="Tests\Unit\Playground\Cms\Api\Http\Requests\Page\EditRequestTest" classname="Tests.Unit.Playground.Cms.Api.Http.Requests.Page.EditRequestTest" assertions="1" time="0.034340"/>
      </testsuite>
      <testsuite name="Tests\Unit\Playground\Cms\Api\Http\Requests\Page\IndexRequestTest" file="/app/tests/Unit/Http/Requests/Page/IndexRequestTest.php" tests="1" assertions="1" errors="0" failures="0" skipped="0" time="0.034952">
        <testcase name="test_request_instance" file="/app/vendor/gammamatrix/playground-test/src/Unit/Http/Requests/RequestCase.php" line="42" class="Tests\Unit\Playground\Cms\Api\Http\Requests\Page\IndexRequestTest" classname="Tests.Unit.Playground.Cms.Api.Http.Requests.Page.IndexRequestTest" assertions="1" time="0.034952"/>
      </testsuite>
      <testsuite name="Tests\Unit\Playground\Cms\Api\Http\Requests\Page\LockRequestTest" file="/app/tests/Unit/Http/Requests/Page/LockRequestTest.php" tests="1" assertions="1" errors="0" failures="0" skipped="0" time="0.035751">
        <testcase name="test_request_instance" file="/app/vendor/gammamatrix/playground-test/src/Unit/Http/Requests/RequestCase.php" line="42" class="Tests\Unit\Playground\Cms\Api\Http\Requests\Page\LockRequestTest" classname="Tests.Unit.Playground.Cms.Api.Http.Requests.Page.LockRequestTest" assertions="1" time="0.035751"/>
      </testsuite>
      <testsuite name="Tests\Unit\Playground\Cms\Api\Http\Requests\Page\RestoreRequestTest" file="/app/tests/Unit/Http/Requests/Page/RestoreRequestTest.php" tests="1" assertions="1" errors="0" failures="0" skipped="0" time="0.035483">
        <testcase name="test_request_instance" file="/app/vendor/gammamatrix/playground-test/src/Unit/Http/Requests/RequestCase.php" line="42" class="Tests\Unit\Playground\Cms\Api\Http\Requests\Page\RestoreRequestTest" classname="Tests.Unit.Playground.Cms.Api.Http.Requests.Page.RestoreRequestTest" assertions="1" time="0.035483"/>
      </testsuite>
      <testsuite name="Tests\Unit\Playground\Cms\Api\Http\Requests\Page\ShowRequestTest" file="/app/tests/Unit/Http/Requests/Page/ShowRequestTest.php" tests="1" assertions="1" errors="0" failures="0" skipped="0" time="0.036035">
        <testcase name="test_request_instance" file="/app/vendor/gammamatrix/playground-test/src/Unit/Http/Requests/RequestCase.php" line="42" class="Tests\Unit\Playground\Cms\Api\Http\Requests\Page\ShowRequestTest" classname="Tests.Unit.Playground.Cms.Api.Http.Requests.Page.ShowRequestTest" assertions="1" time="0.036035"/>
      </testsuite>
      <testsuite name="Tests\Unit\Playground\Cms\Api\Http\Requests\Page\StoreRequestTest" file="/app/tests/Unit/Http/Requests/Page/StoreRequestTest.php" tests="3" assertions="8" errors="0" failures="0" skipped="0" time="0.108564">
        <testcase name="test_request_instance" file="/app/vendor/gammamatrix/playground-test/src/Unit/Http/Requests/RequestCase.php" line="42" class="Tests\Unit\Playground\Cms\Api\Http\Requests\Page\StoreRequestTest" classname="Tests.Unit.Playground.Cms.Api.Http.Requests.Page.StoreRequestTest" assertions="1" time="0.036847"/>
        <testcase name="test_store_request_rules_with_optional_revisions_disabled" file="/app/tests/Unit/Http/Requests/Page/StoreRequestTest.php" line="21" class="Tests\Unit\Playground\Cms\Api\Http\Requests\Page\StoreRequestTest" classname="Tests.Unit.Playground.Cms.Api.Http.Requests.Page.StoreRequestTest" assertions="3" time="0.036010"/>
        <testcase name="test_store_request_rules_with_optional_revisions_enabled" file="/app/tests/Unit/Http/Requests/Page/StoreRequestTest.php" line="31" class="Tests\Unit\Playground\Cms\Api\Http\Requests\Page\StoreRequestTest" classname="Tests.Unit.Playground.Cms.Api.Http.Requests.Page.StoreRequestTest" assertions="4" time="0.035706"/>
      </testsuite>
      <testsuite name="Tests\Unit\Playground\Cms\Api\Http\Requests\Page\UnlockRequestTest" file="/app/tests/Unit/Http/Requests/Page/UnlockRequestTest.php" tests="1" assertions="1" errors="0" failures="0" skipped="0" time="0.035588">
        <testcase name="test_request_instance" file="/app/vendor/gammamatrix/playground-test/src/Unit/Http/Requests/RequestCase.php" line="42" class="Tests\Unit\Playground\Cms\Api\Http\Requests\Page\UnlockRequestTest" classname="Tests.Unit.Playground.Cms.Api.Http.Requests.Page.UnlockRequestTest" assertions="1" time="0.035588"/>
      </testsuite>
      <testsuite name="Tests\Unit\Playground\Cms\Api\Http\Requests\Page\UpdateRequestTest" file="/app/tests/Unit/Http/Requests/Page/UpdateRequestTest.php" tests="3" assertions="8" errors="0" failures="0" skipped="0" time="0.108231">
        <testcase name="test_request_instance" file="/app/vendor/gammamatrix/playground-test/src/Unit/Http/Requests/RequestCase.php" line="42" class="Tests\Unit\Playground\Cms\Api\Http\Requests\Page\UpdateRequestTest" classname="Tests.Unit.Playground.Cms.Api.Http.Requests.Page.UpdateRequestTest" assertions="1" time="0.035524"/>
        <testcase name="test_update_request_rules_with_optional_revisions_disabled" file="/app/tests/Unit/Http/Requests/Page/UpdateRequestTest.php" line="21" class="Tests\Unit\Playground\Cms\Api\Http\Requests\Page\UpdateRequestTest" classname="Tests.Unit.Playground.Cms.Api.Http.Requests.Page.UpdateRequestTest" assertions="3" time="0.035656"/>
        <testcase name="test_update_request_rules_with_optional_revisions_enabled" file="/app/tests/Unit/Http/Requests/Page/UpdateRequestTest.php" line="31" class="Tests\Unit\Playground\Cms\Api\Http\Requests\Page\UpdateRequestTest" classname="Tests.Unit.Playground.Cms.Api.Http.Requests.Page.UpdateRequestTest" assertions="4" time="0.037050"/>
      </testsuite>
      <testsuite name="Tests\Unit\Playground\Cms\Api\Http\Requests\Snippet\CreateRequestTest" file="/app/tests/Unit/Http/Requests/Snippet/CreateRequestTest.php" tests="1" assertions="1" errors="0" failures="0" skipped="0" time="0.034927">
        <testcase name="test_request_instance" file="/app/vendor/gammamatrix/playground-test/src/Unit/Http/Requests/RequestCase.php" line="42" class="Tests\Unit\Playground\Cms\Api\Http\Requests\Snippet\CreateRequestTest" classname="Tests.Unit.Playground.Cms.Api.Http.Requests.Snippet.CreateRequestTest" assertions="1" time="0.034927"/>
      </testsuite>
      <testsuite name="Tests\Unit\Playground\Cms\Api\Http\Requests\Snippet\DestroyRequestTest" file="/app/tests/Unit/Http/Requests/Snippet/DestroyRequestTest.php" tests="1" assertions="1" errors="0" failures="0" skipped="0" time="0.034435">
        <testcase name="test_request_instance" file="/app/vendor/gammamatrix/playground-test/src/Unit/Http/Requests/RequestCase.php" line="42" class="Tests\Unit\Playground\Cms\Api\Http\Requests\Snippet\DestroyRequestTest" classname="Tests.Unit.Playground.Cms.Api.Http.Requests.Snippet.DestroyRequestTest" assertions="1" time="0.034435"/>
      </testsuite>
      <testsuite name="Tests\Unit\Playground\Cms\Api\Http\Requests\Snippet\EditRequestTest" file="/app/tests/Unit/Http/Requests/Snippet/EditRequestTest.php" tests="1" assertions="1" errors="0" failures="0" skipped="0" time="0.033757">
        <testcase name="test_request_instance" file="/app/vendor/gammamatrix/playground-test/src/Unit/Http/Requests/RequestCase.php" line="42" class="Tests\Unit\Playground\Cms\Api\Http\Requests\Snippet\EditRequestTest" classname="Tests.Unit.Playground.Cms.Api.Http.Requests.Snippet.EditRequestTest" assertions="1" time="0.033757"/>
      </testsuite>
      <testsuite name="Tests\Unit\Playground\Cms\Api\Http\Requests\Snippet\IndexRequestTest" file="/app/tests/Unit/Http/Requests/Snippet/IndexRequestTest.php" tests="1" assertions="1" errors="0" failures="0" skipped="0" time="0.033646">
        <testcase name="test_request_instance" file="/app/vendor/gammamatrix/playground-test/src/Unit/Http/Requests/RequestCase.php" line="42" class="Tests\Unit\Playground\Cms\Api\Http\Requests\Snippet\IndexRequestTest" classname="Tests.Unit.Playground.Cms.Api.Http.Requests.Snippet.IndexRequestTest" assertions="1" time="0.033646"/>
      </testsuite>
      <testsuite name="Tests\Unit\Playground\Cms\Api\Http\Requests\Snippet\LockRequestTest" file="/app/tests/Unit/Http/Requests/Snippet/LockRequestTest.php" tests="1" assertions="1" errors="0" failures="0" skipped="0" time="0.033355">
        <testcase name="test_request_instance" file="/app/vendor/gammamatrix/playground-test/src/Unit/Http/Requests/RequestCase.php" line="42" class="Tests\Unit\Playground\Cms\Api\Http\Requests\Snippet\LockRequestTest" classname="Tests.Unit.Playground.Cms.Api.Http.Requests.Snippet.LockRequestTest" assertions="1" time="0.033355"/>
      </testsuite>
      <testsuite name="Tests\Unit\Playground\Cms\Api\Http\Requests\Snippet\RestoreRequestTest" file="/app/tests/Unit/Http/Requests/Snippet/RestoreRequestTest.php" tests="1" assertions="1" errors="0" failures="0" skipped="0" time="0.032830">
        <testcase name="test_request_instance" file="/app/vendor/gammamatrix/playground-test/src/Unit/Http/Requests/RequestCase.php" line="42" class="Tests\Unit\Playground\Cms\Api\Http\Requests\Snippet\RestoreRequestTest" classname="Tests.Unit.Playground.Cms.Api.Http.Requests.Snippet.RestoreRequestTest" assertions="1" time="0.032830"/>
      </testsuite>
      <testsuite name="Tests\Unit\Playground\Cms\Api\Http\Requests\Snippet\ShowRequestTest" file="/app/tests/Unit/Http/Requests/Snippet/ShowRequestTest.php" tests="1" assertions="1" errors="0" failures="0" skipped="0" time="0.032956">
        <testcase name="test_request_instance" file="/app/vendor/gammamatrix/playground-test/src/Unit/Http/Requests/RequestCase.php" line="42" class="Tests\Unit\Playground\Cms\Api\Http\Requests\Snippet\ShowRequestTest" classname="Tests.Unit.Playground.Cms.Api.Http.Requests.Snippet.ShowRequestTest" assertions="1" time="0.032956"/>
      </testsuite>
      <testsuite name="Tests\Unit\Playground\Cms\Api\Http\Requests\Snippet\StoreRequestTest" file="/app/tests/Unit/Http/Requests/Snippet/StoreRequestTest.php" tests="3" assertions="8" errors="0" failures="0" skipped="0" time="0.100404">
        <testcase name="test_request_instance" file="/app/vendor/gammamatrix/playground-test/src/Unit/Http/Requests/RequestCase.php" line="42" class="Tests\Unit\Playground\Cms\Api\Http\Requests\Snippet\StoreRequestTest" classname="Tests.Unit.Playground.Cms.Api.Http.Requests.Snippet.StoreRequestTest" assertions="1" time="0.033148"/>
        <testcase name="test_store_request_rules_with_optional_revisions_disabled" file="/app/tests/Unit/Http/Requests/Snippet/StoreRequestTest.php" line="21" class="Tests\Unit\Playground\Cms\Api\Http\Requests\Snippet\StoreRequestTest" classname="Tests.Unit.Playground.Cms.Api.Http.Requests.Snippet.StoreRequestTest" assertions="3" time="0.033064"/>
        <testcase name="test_store_request_rules_with_optional_revisions_enabled" file="/app/tests/Unit/Http/Requests/Snippet/StoreRequestTest.php" line="31" class="Tests\Unit\Playground\Cms\Api\Http\Requests\Snippet\StoreRequestTest" classname="Tests.Unit.Playground.Cms.Api.Http.Requests.Snippet.StoreRequestTest" assertions="4" time="0.034192"/>
      </testsuite>
      <testsuite name="Tests\Unit\Playground\Cms\Api\Http\Requests\Snippet\UnlockRequestTest" file="/app/tests/Unit/Http/Requests/Snippet/UnlockRequestTest.php" tests="1" assertions="1" errors="0" failures="0" skipped="0" time="0.033243">
        <testcase name="test_request_instance" file="/app/vendor/gammamatrix/playground-test/src/Unit/Http/Requests/RequestCase.php" line="42" class="Tests\Unit\Playground\Cms\Api\Http\Requests\Snippet\UnlockRequestTest" classname="Tests.Unit.Playground.Cms.Api.Http.Requests.Snippet.UnlockRequestTest" assertions="1" time="0.033243"/>
      </testsuite>
      <testsuite name="Tests\Unit\Playground\Cms\Api\Http\Requests\Snippet\UpdateRequestTest" file="/app/tests/Unit/Http/Requests/Snippet/UpdateRequestTest.php" tests="3" assertions="8" errors="0" failures="0" skipped="0" time="0.100224">
        <testcase name="test_request_instance" file="/app/vendor/gammamatrix/playground-test/src/Unit/Http/Requests/RequestCase.php" line="42" class="Tests\Unit\Playground\Cms\Api\Http\Requests\Snippet\UpdateRequestTest" classname="Tests.Unit.Playground.Cms.Api.Http.Requests.Snippet.UpdateRequestTest" assertions="1" time="0.034133"/>
        <testcase name="test_update_request_rules_with_optional_revisions_disabled" file="/app/tests/Unit/Http/Requests/Snippet/UpdateRequestTest.php" line="21" class="Tests\Unit\Playground\Cms\Api\Http\Requests\Snippet\UpdateRequestTest" classname="Tests.Unit.Playground.Cms.Api.Http.Requests.Snippet.UpdateRequestTest" assertions="3" time="0.033109"/>
        <testcase name="test_update_request_rules_with_optional_revisions_enabled" file="/app/tests/Unit/Http/Requests/Snippet/UpdateRequestTest.php" line="31" class="Tests\Unit\Playground\Cms\Api\Http\Requests\Snippet\UpdateRequestTest" classname="Tests.Unit.Playground.Cms.Api.Http.Requests.Snippet.UpdateRequestTest" assertions="4" time="0.032983"/>
      </testsuite>
      <testsuite name="Tests\Unit\Playground\Cms\Api\Policies\PagePolicy\PolicyTest" file="/app/tests/Unit/Policies/PagePolicy/PolicyTest.php" tests="1" assertions="1" errors="0" failures="0" skipped="0" time="0.041673">
        <testcase name="test_policy_instance" file="/app/tests/Unit/Policies/PagePolicy/PolicyTest.php" line="21" class="Tests\Unit\Playground\Cms\Api\Policies\PagePolicy\PolicyTest" classname="Tests.Unit.Playground.Cms.Api.Policies.PagePolicy.PolicyTest" assertions="1" time="0.041673"/>
      </testsuite>
      <testsuite name="Tests\Unit\Playground\Cms\Api\Policies\SnippetPolicy\PolicyTest" file="/app/tests/Unit/Policies/SnippetPolicy/PolicyTest.php" tests="1" assertions="1" errors="0" failures="0" skipped="0" time="0.031968">
        <testcase name="test_policy_instance" file="/app/tests/Unit/Policies/SnippetPolicy/PolicyTest.php" line="21" class="Tests\Unit\Playground\Cms\Api\Policies\SnippetPolicy\PolicyTest" classname="Tests.Unit.Playground.Cms.Api.Policies.SnippetPolicy.PolicyTest" assertions="1" time="0.031968"/>
      </testsuite>
      <testsuite name="Tests\Unit\Playground\Cms\Api\ServiceProvider\InstanceTest" file="/app/tests/Unit/ServiceProvider/InstanceTest.php" tests="4" assertions="8" errors="0" failures="0" skipped="0" time="0.133483">
        <testcase name="test_version_matches" file="/app/tests/Unit/ServiceProvider/InstanceTest.php" line="22" class="Tests\Unit\Playground\Cms\Api\ServiceProvider\InstanceTest" classname="Tests.Unit.Playground.Cms.Api.ServiceProvider.InstanceTest" assertions="3" time="0.032573"/>
        <testcase name="test_set_policies_with_empty_array" file="/app/tests/Unit/ServiceProvider/InstanceTest.php" line="32" class="Tests\Unit\Playground\Cms\Api\ServiceProvider\InstanceTest" classname="Tests.Unit.Playground.Cms.Api.ServiceProvider.InstanceTest" assertions="1" time="0.032871"/>
        <testcase name="test_set_policies_with_invalid_model" file="/app/tests/Unit/ServiceProvider/InstanceTest.php" line="46" class="Tests\Unit\Playground\Cms\Api\ServiceProvider\InstanceTest" classname="Tests.Unit.Playground.Cms.Api.ServiceProvider.InstanceTest" assertions="2" time="0.034376"/>
        <testcase name="test_set_policies_with_invalid_policy" file="/app/tests/Unit/ServiceProvider/InstanceTest.php" line="77" class="Tests\Unit\Playground\Cms\Api\ServiceProvider\InstanceTest" classname="Tests.Unit.Playground.Cms.Api.ServiceProvider.InstanceTest" assertions="2" time="0.033663"/>
      </testsuite>
    </testsuite>
    <testsuite name="Feature" tests="90" assertions="2674" errors="0" failures="0" skipped="0" time="19.657237">
      <testsuite name="Tests\Feature\Playground\Cms\Api\Console\Commands\About\CommandTest" file="/app/tests/Feature/Console/Commands/About/CommandTest.php" tests="1" assertions="2" errors="0" failures="0" skipped="0" time="0.358750">
        <testcase name="test_command_about_displays_package_information_and_succeed" file="/app/tests/Feature/Console/Commands/About/CommandTest.php" line="23" class="Tests\Feature\Playground\Cms\Api\Console\Commands\About\CommandTest" classname="Tests.Feature.Playground.Cms.Api.Console.Commands.About.CommandTest" assertions="2" time="0.358750"/>
      </testsuite>
      <testsuite name="Tests\Feature\Playground\Cms\Api\Http\Controllers\Playground\PageRouteTest" file="/app/tests/Feature/Http/Controllers/Playground/PageRouteTest.php" tests="44" assertions="1381" errors="0" failures="0" skipped="0" time="9.612884">
        <testcase name="test_json_guest_cannot_get_create_info" file="/app/vendor/gammamatrix/playground-test/src/Feature/Http/Controllers/Resource/Playground/CreateJsonTrait.php" line="39" class="Tests\Feature\Playground\Cms\Api\Http\Controllers\Playground\PageRouteTest" classname="Tests.Feature.Playground.Cms.Api.Http.Controllers.Playground.PageRouteTest" assertions="1" time="0.196031"/>
        <testcase name="test_json_admin_can_get_create_info" file="/app/vendor/gammamatrix/playground-test/src/Feature/Http/Controllers/Resource/Playground/CreateJsonTrait.php" line="54" class="Tests\Feature\Playground\Cms\Api\Http\Controllers\Playground\PageRouteTest" classname="Tests.Feature.Playground.Cms.Api.Http.Controllers.Playground.PageRouteTest" assertions="97" time="0.223317"/>
        <testcase name="test_json_get_create_info_as_admin_with_invalid_parameter_and_fail_validation" file="/app/vendor/gammamatrix/playground-test/src/Feature/Http/Controllers/Resource/Playground/CreateJsonTrait.php" line="74" class="Tests\Feature\Playground\Cms\Api\Http\Controllers\Playground\PageRouteTest" classname="Tests.Feature.Playground.Cms.Api.Http.Controllers.Playground.PageRouteTest" assertions="4" time="0.196663"/>
        <testcase name="test_json_guest_cannot_destroy" file="/app/vendor/gammamatrix/playground-test/src/Feature/Http/Controllers/Resource/Playground/DestroyJsonTrait.php" line="32" class="Tests\Feature\Playground\Cms\Api\Http\Controllers\Playground\PageRouteTest" classname="Tests.Feature.Playground.Cms.Api.Http.Controllers.Playground.PageRouteTest" assertions="3" time="0.190505"/>
        <testcase name="test_json_destroy_as_admin_and_succeed" file="/app/vendor/gammamatrix/playground-test/src/Feature/Http/Controllers/Resource/Playground/DestroyJsonTrait.php" line="62" class="Tests\Feature\Playground\Cms\Api\Http\Controllers\Playground\PageRouteTest" classname="Tests.Feature.Playground.Cms.Api.Http.Controllers.Playground.PageRouteTest" assertions="5" time="0.213474"/>
        <testcase name="test_json_destroy_as_admin_and_succeed_with_force_delete" file="/app/vendor/gammamatrix/playground-test/src/Feature/Http/Controllers/Resource/Playground/DestroyJsonTrait.php" line="101" class="Tests\Feature\Playground\Cms\Api\Http\Controllers\Playground\PageRouteTest" classname="Tests.Feature.Playground.Cms.Api.Http.Controllers.Playground.PageRouteTest" assertions="4" time="0.205511"/>
        <testcase name="test_json_destroy_as_admin_and_succeed_with_no_content" file="/app/vendor/gammamatrix/playground-test/src/Feature/Http/Controllers/Resource/Playground/DestroyJsonTrait.php" line="133" class="Tests\Feature\Playground\Cms\Api\Http\Controllers\Playground\PageRouteTest" classname="Tests.Feature.Playground.Cms.Api.Http.Controllers.Playground.PageRouteTest" assertions="5" time="0.203770"/>
        <testcase name="test_json_destroy_as_admin_and_succeed_and_ignore_redirect" file="/app/vendor/gammamatrix/playground-test/src/Feature/Http/Controllers/Resource/Playground/DestroyJsonTrait.php" line="168" class="Tests\Feature\Playground\Cms\Api\Http\Controllers\Playground\PageRouteTest" classname="Tests.Feature.Playground.Cms.Api.Http.Controllers.Playground.PageRouteTest" assertions="5" time="0.206692"/>
        <testcase name="test_json_destroy_as_user_and_get_denied_and_no_force_delete_allowed" file="/app/vendor/gammamatrix/playground-test/src/Feature/Http/Controllers/Resource/Playground/DestroyJsonTrait.php" line="210" class="Tests\Feature\Playground\Cms\Api\Http\Controllers\Playground\PageRouteTest" classname="Tests.Feature.Playground.Cms.Api.Http.Controllers.Playground.PageRouteTest" assertions="3" time="0.202120"/>
        <testcase name="test_json_guest_cannot_get_edit_info" file="/app/vendor/gammamatrix/playground-test/src/Feature/Http/Controllers/Resource/Playground/EditJsonTrait.php" line="39" class="Tests\Feature\Playground\Cms\Api\Http\Controllers\Playground\PageRouteTest" classname="Tests.Feature.Playground.Cms.Api.Http.Controllers.Playground.PageRouteTest" assertions="1" time="0.187974"/>
        <testcase name="test_json_admin_can_get_edit_info" file="/app/vendor/gammamatrix/playground-test/src/Feature/Http/Controllers/Resource/Playground/EditJsonTrait.php" line="59" class="Tests\Feature\Playground\Cms\Api\Http\Controllers\Playground\PageRouteTest" classname="Tests.Feature.Playground.Cms.Api.Http.Controllers.Playground.PageRouteTest" assertions="4" time="0.220173"/>
        <testcase name="test_json_edit_as_admin_and_fail_validation_with_invalid_parameter" file="/app/vendor/gammamatrix/playground-test/src/Feature/Http/Controllers/Resource/Playground/EditJsonTrait.php" line="88" class="Tests\Feature\Playground\Cms\Api\Http\Controllers\Playground\PageRouteTest" classname="Tests.Feature.Playground.Cms.Api.Http.Controllers.Playground.PageRouteTest" assertions="4" time="0.211844"/>
        <testcase name="test_json_guest_cannot_get_index" file="/app/vendor/gammamatrix/playground-test/src/Feature/Http/Controllers/Resource/Playground/IndexJsonTrait.php" line="35" class="Tests\Feature\Playground\Cms\Api\Http\Controllers\Playground\PageRouteTest" classname="Tests.Feature.Playground.Cms.Api.Http.Controllers.Playground.PageRouteTest" assertions="1" time="0.188019"/>
        <testcase name="test_json_admin_can_get_index" file="/app/vendor/gammamatrix/playground-test/src/Feature/Http/Controllers/Resource/Playground/IndexJsonTrait.php" line="50" class="Tests\Feature\Playground\Cms\Api\Http\Controllers\Playground\PageRouteTest" classname="Tests.Feature.Playground.Cms.Api.Http.Controllers.Playground.PageRouteTest" assertions="101" time="0.218490"/>
        <testcase name="test_json_admin_can_get_index_with_filters" file="/app/vendor/gammamatrix/playground-test/src/Feature/Http/Controllers/Resource/Playground/IndexJsonTrait.php" line="86" class="Tests\Feature\Playground\Cms\Api\Http\Controllers\Playground\PageRouteTest" classname="Tests.Feature.Playground.Cms.Api.Http.Controllers.Playground.PageRouteTest" assertions="3" time="0.216773"/>
        <testcase name="test_json_guest_cannot_lock" file="/app/vendor/gammamatrix/playground-test/src/Feature/Http/Controllers/Resource/Playground/LockJsonTrait.php" line="37" class="Tests\Feature\Playground\Cms\Api\Http\Controllers\Playground\PageRouteTest" classname="Tests.Feature.Playground.Cms.Api.Http.Controllers.Playground.PageRouteTest" assertions="3" time="0.192384"/>
        <testcase name="test_json_lock_as_admin_and_succeed" file="/app/vendor/gammamatrix/playground-test/src/Feature/Http/Controllers/Resource/Playground/LockJsonTrait.php" line="67" class="Tests\Feature\Playground\Cms\Api\Http\Controllers\Playground\PageRouteTest" classname="Tests.Feature.Playground.Cms.Api.Http.Controllers.Playground.PageRouteTest" assertions="3" time="0.216307"/>
        <testcase name="test_json_lock_as_admin_and_succeed_with_no_redirect" file="/app/vendor/gammamatrix/playground-test/src/Feature/Http/Controllers/Resource/Playground/LockJsonTrait.php" line="99" class="Tests\Feature\Playground\Cms\Api\Http\Controllers\Playground\PageRouteTest" classname="Tests.Feature.Playground.Cms.Api.Http.Controllers.Playground.PageRouteTest" assertions="99" time="0.216126"/>
        <testcase name="test_json_lock_as_user_and_get_denied" file="/app/vendor/gammamatrix/playground-test/src/Feature/Http/Controllers/Resource/Playground/LockJsonTrait.php" line="144" class="Tests\Feature\Playground\Cms\Api\Http\Controllers\Playground\PageRouteTest" classname="Tests.Feature.Playground.Cms.Api.Http.Controllers.Playground.PageRouteTest" assertions="3" time="0.204504"/>
        <testcase name="test_json_guest_cannot_restore" file="/app/vendor/gammamatrix/playground-test/src/Feature/Http/Controllers/Resource/Playground/RestoreJsonTrait.php" line="33" class="Tests\Feature\Playground\Cms\Api\Http\Controllers\Playground\PageRouteTest" classname="Tests.Feature.Playground.Cms.Api.Http.Controllers.Playground.PageRouteTest" assertions="3" time="0.200143"/>
        <testcase name="test_json_restore_as_admin_and_succeed" file="/app/vendor/gammamatrix/playground-test/src/Feature/Http/Controllers/Resource/Playground/RestoreJsonTrait.php" line="65" class="Tests\Feature\Playground\Cms\Api\Http\Controllers\Playground\PageRouteTest" classname="Tests.Feature.Playground.Cms.Api.Http.Controllers.Playground.PageRouteTest" assertions="99" time="0.215879"/>
        <testcase name="test_json_restore_as_admin_and_succeed_with_no_redirect" file="/app/vendor/gammamatrix/playground-test/src/Feature/Http/Controllers/Resource/Playground/RestoreJsonTrait.php" line="101" class="Tests\Feature\Playground\Cms\Api\Http\Controllers\Playground\PageRouteTest" classname="Tests.Feature.Playground.Cms.Api.Http.Controllers.Playground.PageRouteTest" assertions="99" time="0.224362"/>
        <testcase name="test_json_restore_as_user_and_get_denied" file="/app/vendor/gammamatrix/playground-test/src/Feature/Http/Controllers/Resource/Playground/RestoreJsonTrait.php" line="144" class="Tests\Feature\Playground\Cms\Api\Http\Controllers\Playground\PageRouteTest" classname="Tests.Feature.Playground.Cms.Api.Http.Controllers.Playground.PageRouteTest" assertions="3" time="0.211644"/>
        <testcase name="test_json_guest_cannot_restore_revision" file="/app/vendor/gammamatrix/playground-test/src/Feature/Http/Controllers/Resource/Playground/RestoreRevisionJsonTrait.php" line="44" class="Tests\Feature\Playground\Cms\Api\Http\Controllers\Playground\PageRouteTest" classname="Tests.Feature.Playground.Cms.Api.Http.Controllers.Playground.PageRouteTest" assertions="3" time="0.207958"/>
        <testcase name="test_json_restore_revision_as_admin_and_succeed" file="/app/vendor/gammamatrix/playground-test/src/Feature/Http/Controllers/Resource/Playground/RestoreRevisionJsonTrait.php" line="80" class="Tests\Feature\Playground\Cms\Api\Http\Controllers\Playground\PageRouteTest" classname="Tests.Feature.Playground.Cms.Api.Http.Controllers.Playground.PageRouteTest" assertions="99" time="0.284869"/>
        <testcase name="test_json_restore_revision_as_admin_and_succeed_without_redirect" file="/app/vendor/gammamatrix/playground-test/src/Feature/Http/Controllers/Resource/Playground/RestoreRevisionJsonTrait.php" line="120" class="Tests\Feature\Playground\Cms\Api\Http\Controllers\Playground\PageRouteTest" classname="Tests.Feature.Playground.Cms.Api.Http.Controllers.Playground.PageRouteTest" assertions="99" time="0.307375"/>
        <testcase name="test_json_restore_revision_as_user_and_get_denied" file="/app/vendor/gammamatrix/playground-test/src/Feature/Http/Controllers/Resource/Playground/RestoreRevisionJsonTrait.php" line="172" class="Tests\Feature\Playground\Cms\Api\Http\Controllers\Playground\PageRouteTest" classname="Tests.Feature.Playground.Cms.Api.Http.Controllers.Playground.PageRouteTest" assertions="3" time="0.223580"/>
        <testcase name="test_json_guest_cannot_render_revision_view" file="/app/vendor/gammamatrix/playground-test/src/Feature/Http/Controllers/Resource/Playground/RevisionJsonTrait.php" line="39" class="Tests\Feature\Playground\Cms\Api\Http\Controllers\Playground\PageRouteTest" classname="Tests.Feature.Playground.Cms.Api.Http.Controllers.Playground.PageRouteTest" assertions="2" time="0.209027"/>
        <testcase name="test_json_admin_can_get_revision_info" file="/app/vendor/gammamatrix/playground-test/src/Feature/Http/Controllers/Resource/Playground/RevisionJsonTrait.php" line="70" class="Tests\Feature\Playground\Cms\Api\Http\Controllers\Playground\PageRouteTest" classname="Tests.Feature.Playground.Cms.Api.Http.Controllers.Playground.PageRouteTest" assertions="98" time="0.233124"/>
        <testcase name="test_json_guest_cannot_get_revisions" file="/app/vendor/gammamatrix/playground-test/src/Feature/Http/Controllers/Resource/Playground/RevisionsJsonTrait.php" line="35" class="Tests\Feature\Playground\Cms\Api\Http\Controllers\Playground\PageRouteTest" classname="Tests.Feature.Playground.Cms.Api.Http.Controllers.Playground.PageRouteTest" assertions="2" time="0.207720"/>
        <testcase name="test_json_admin_can_get_revisions" file="/app/vendor/gammamatrix/playground-test/src/Feature/Http/Controllers/Resource/Playground/RevisionsJsonTrait.php" line="64" class="Tests\Feature\Playground\Cms\Api\Http\Controllers\Playground\PageRouteTest" classname="Tests.Feature.Playground.Cms.Api.Http.Controllers.Playground.PageRouteTest" assertions="2" time="0.238688"/>
        <testcase name="test_json_admin_can_get_revisions_with_filters" file="/app/vendor/gammamatrix/playground-test/src/Feature/Http/Controllers/Resource/Playground/RevisionsJsonTrait.php" line="105" class="Tests\Feature\Playground\Cms\Api\Http\Controllers\Playground\PageRouteTest" classname="Tests.Feature.Playground.Cms.Api.Http.Controllers.Playground.PageRouteTest" assertions="102" time="0.256362"/>
        <testcase name="test_json_guest_cannot_see_info" file="/app/vendor/gammamatrix/playground-test/src/Feature/Http/Controllers/Resource/Playground/ShowJsonTrait.php" line="30" class="Tests\Feature\Playground\Cms\Api\Http\Controllers\Playground\PageRouteTest" classname="Tests.Feature.Playground.Cms.Api.Http.Controllers.Playground.PageRouteTest" assertions="1" time="0.199521"/>
        <testcase name="test_json_show_info_for_admin" file="/app/vendor/gammamatrix/playground-test/src/Feature/Http/Controllers/Resource/Playground/ShowJsonTrait.php" line="50" class="Tests\Feature\Playground\Cms\Api\Http\Controllers\Playground\PageRouteTest" classname="Tests.Feature.Playground.Cms.Api.Http.Controllers.Playground.PageRouteTest" assertions="98" time="0.217293"/>
        <testcase name="test_json_guest_cannot_store" file="/app/vendor/gammamatrix/playground-test/src/Feature/Http/Controllers/Resource/Playground/StoreJsonTrait.php" line="44" class="Tests\Feature\Playground\Cms\Api\Http\Controllers\Playground\PageRouteTest" classname="Tests.Feature.Playground.Cms.Api.Http.Controllers.Playground.PageRouteTest" assertions="3" time="0.192597"/>
        <testcase name="test_json_store_as_admin_without_payload_and_fail_validation" file="/app/vendor/gammamatrix/playground-test/src/Feature/Http/Controllers/Resource/Playground/StoreJsonTrait.php" line="67" class="Tests\Feature\Playground\Cms\Api\Http\Controllers\Playground\PageRouteTest" classname="Tests.Feature.Playground.Cms.Api.Http.Controllers.Playground.PageRouteTest" assertions="5" time="0.212358"/>
        <testcase name="test_json_store_as_admin_and_succeed" file="/app/vendor/gammamatrix/playground-test/src/Feature/Http/Controllers/Resource/Playground/StoreJsonTrait.php" line="93" class="Tests\Feature\Playground\Cms\Api\Http\Controllers\Playground\PageRouteTest" classname="Tests.Feature.Playground.Cms.Api.Http.Controllers.Playground.PageRouteTest" assertions="3" time="0.270834"/>
        <testcase name="test_json_guest_cannot_unlock" file="/app/vendor/gammamatrix/playground-test/src/Feature/Http/Controllers/Resource/Playground/UnlockJsonTrait.php" line="37" class="Tests\Feature\Playground\Cms\Api\Http\Controllers\Playground\PageRouteTest" classname="Tests.Feature.Playground.Cms.Api.Http.Controllers.Playground.PageRouteTest" assertions="3" time="0.200081"/>
        <testcase name="test_json_unlock_as_admin_and_succeed" file="/app/vendor/gammamatrix/playground-test/src/Feature/Http/Controllers/Resource/Playground/UnlockJsonTrait.php" line="69" class="Tests\Feature\Playground\Cms\Api\Http\Controllers\Playground\PageRouteTest" classname="Tests.Feature.Playground.Cms.Api.Http.Controllers.Playground.PageRouteTest" assertions="99" time="0.218304"/>
        <testcase name="test_json_unlock_as_admin_and_succeed_with_no_redirect" file="/app/vendor/gammamatrix/playground-test/src/Feature/Http/Controllers/Resource/Playground/UnlockJsonTrait.php" line="105" class="Tests\Feature\Playground\Cms\Api\Http\Controllers\Playground\PageRouteTest" classname="Tests.Feature.Playground.Cms.Api.Http.Controllers.Playground.PageRouteTest" assertions="99" time="0.220864"/>
        <testcase name="test_json_unlock_as_user_and_get_denied" file="/app/vendor/gammamatrix/playground-test/src/Feature/Http/Controllers/Resource/Playground/UnlockJsonTrait.php" line="146" class="Tests\Feature\Playground\Cms\Api\Http\Controllers\Playground\PageRouteTest" classname="Tests.Feature.Playground.Cms.Api.Http.Controllers.Playground.PageRouteTest" assertions="3" time="0.214373"/>
        <testcase name="test_json_guest_cannot_update" file="/app/vendor/gammamatrix/playground-test/src/Feature/Http/Controllers/Resource/Playground/UpdateJsonTrait.php" line="46" class="Tests\Feature\Playground\Cms\Api\Http\Controllers\Playground\PageRouteTest" classname="Tests.Feature.Playground.Cms.Api.Http.Controllers.Playground.PageRouteTest" assertions="1" time="0.196583"/>
        <testcase name="test_json_update_as_admin_without_payload_and_passes_validation" file="/app/vendor/gammamatrix/playground-test/src/Feature/Http/Controllers/Resource/Playground/UpdateJsonTrait.php" line="66" class="Tests\Feature\Playground\Cms\Api\Http\Controllers\Playground\PageRouteTest" classname="Tests.Feature.Playground.Cms.Api.Http.Controllers.Playground.PageRouteTest" assertions="2" time="0.250075"/>
        <testcase name="test_json_admin_can_update" file="/app/vendor/gammamatrix/playground-test/src/Feature/Http/Controllers/Resource/Playground/UpdateJsonTrait.php" line="114" class="Tests\Feature\Playground\Cms\Api\Http\Controllers\Playground\PageRouteTest" classname="Tests.Feature.Playground.Cms.Api.Http.Controllers.Playground.PageRouteTest" assertions="101" time="0.288593"/>
      </testsuite>
      <testsuite name="Tests\Feature\Playground\Cms\Api\Http\Controllers\Playground\SnippetRouteTest" file="/app/tests/Feature/Http/Controllers/Playground/SnippetRouteTest.php" tests="44" assertions="1290" errors="0" failures="0" skipped="0" time="9.502927">
        <testcase name="test_json_guest_cannot_get_create_info" file="/app/vendor/gammamatrix/playground-test/src/Feature/Http/Controllers/Resource/Playground/CreateJsonTrait.php" line="39" class="Tests\Feature\Playground\Cms\Api\Http\Controllers\Playground\SnippetRouteTest" classname="Tests.Feature.Playground.Cms.Api.Http.Controllers.Playground.SnippetRouteTest" assertions="1" time="0.176683"/>
        <testcase name="test_json_admin_can_get_create_info" file="/app/vendor/gammamatrix/playground-test/src/Feature/Http/Controllers/Resource/Playground/CreateJsonTrait.php" line="54" class="Tests\Feature\Playground\Cms\Api\Http\Controllers\Playground\SnippetRouteTest" classname="Tests.Feature.Playground.Cms.Api.Http.Controllers.Playground.SnippetRouteTest" assertions="90" time="0.200514"/>
        <testcase name="test_json_get_create_info_as_admin_with_invalid_parameter_and_fail_validation" file="/app/vendor/gammamatrix/playground-test/src/Feature/Http/Controllers/Resource/Playground/CreateJsonTrait.php" line="74" class="Tests\Feature\Playground\Cms\Api\Http\Controllers\Playground\SnippetRouteTest" classname="Tests.Feature.Playground.Cms.Api.Http.Controllers.Playground.SnippetRouteTest" assertions="4" time="0.202519"/>
        <testcase name="test_json_guest_cannot_destroy" file="/app/vendor/gammamatrix/playground-test/src/Feature/Http/Controllers/Resource/Playground/DestroyJsonTrait.php" line="32" class="Tests\Feature\Playground\Cms\Api\Http\Controllers\Playground\SnippetRouteTest" classname="Tests.Feature.Playground.Cms.Api.Http.Controllers.Playground.SnippetRouteTest" assertions="3" time="0.189515"/>
        <testcase name="test_json_destroy_as_admin_and_succeed" file="/app/vendor/gammamatrix/playground-test/src/Feature/Http/Controllers/Resource/Playground/DestroyJsonTrait.php" line="62" class="Tests\Feature\Playground\Cms\Api\Http\Controllers\Playground\SnippetRouteTest" classname="Tests.Feature.Playground.Cms.Api.Http.Controllers.Playground.SnippetRouteTest" assertions="5" time="0.203829"/>
        <testcase name="test_json_destroy_as_admin_and_succeed_with_force_delete" file="/app/vendor/gammamatrix/playground-test/src/Feature/Http/Controllers/Resource/Playground/DestroyJsonTrait.php" line="101" class="Tests\Feature\Playground\Cms\Api\Http\Controllers\Playground\SnippetRouteTest" classname="Tests.Feature.Playground.Cms.Api.Http.Controllers.Playground.SnippetRouteTest" assertions="4" time="0.202808"/>
        <testcase name="test_json_destroy_as_admin_and_succeed_with_no_content" file="/app/vendor/gammamatrix/playground-test/src/Feature/Http/Controllers/Resource/Playground/DestroyJsonTrait.php" line="133" class="Tests\Feature\Playground\Cms\Api\Http\Controllers\Playground\SnippetRouteTest" classname="Tests.Feature.Playground.Cms.Api.Http.Controllers.Playground.SnippetRouteTest" assertions="5" time="0.205622"/>
        <testcase name="test_json_destroy_as_admin_and_succeed_and_ignore_redirect" file="/app/vendor/gammamatrix/playground-test/src/Feature/Http/Controllers/Resource/Playground/DestroyJsonTrait.php" line="168" class="Tests\Feature\Playground\Cms\Api\Http\Controllers\Playground\SnippetRouteTest" classname="Tests.Feature.Playground.Cms.Api.Http.Controllers.Playground.SnippetRouteTest" assertions="5" time="0.205147"/>
        <testcase name="test_json_destroy_as_user_and_get_denied_and_no_force_delete_allowed" file="/app/vendor/gammamatrix/playground-test/src/Feature/Http/Controllers/Resource/Playground/DestroyJsonTrait.php" line="210" class="Tests\Feature\Playground\Cms\Api\Http\Controllers\Playground\SnippetRouteTest" classname="Tests.Feature.Playground.Cms.Api.Http.Controllers.Playground.SnippetRouteTest" assertions="3" time="0.200423"/>
        <testcase name="test_json_guest_cannot_get_edit_info" file="/app/vendor/gammamatrix/playground-test/src/Feature/Http/Controllers/Resource/Playground/EditJsonTrait.php" line="39" class="Tests\Feature\Playground\Cms\Api\Http\Controllers\Playground\SnippetRouteTest" classname="Tests.Feature.Playground.Cms.Api.Http.Controllers.Playground.SnippetRouteTest" assertions="1" time="0.190023"/>
        <testcase name="test_json_admin_can_get_edit_info" file="/app/vendor/gammamatrix/playground-test/src/Feature/Http/Controllers/Resource/Playground/EditJsonTrait.php" line="59" class="Tests\Feature\Playground\Cms\Api\Http\Controllers\Playground\SnippetRouteTest" classname="Tests.Feature.Playground.Cms.Api.Http.Controllers.Playground.SnippetRouteTest" assertions="4" time="0.215184"/>
        <testcase name="test_json_edit_as_admin_and_fail_validation_with_invalid_parameter" file="/app/vendor/gammamatrix/playground-test/src/Feature/Http/Controllers/Resource/Playground/EditJsonTrait.php" line="88" class="Tests\Feature\Playground\Cms\Api\Http\Controllers\Playground\SnippetRouteTest" classname="Tests.Feature.Playground.Cms.Api.Http.Controllers.Playground.SnippetRouteTest" assertions="4" time="0.222021"/>
        <testcase name="test_json_guest_cannot_get_index" file="/app/vendor/gammamatrix/playground-test/src/Feature/Http/Controllers/Resource/Playground/IndexJsonTrait.php" line="35" class="Tests\Feature\Playground\Cms\Api\Http\Controllers\Playground\SnippetRouteTest" classname="Tests.Feature.Playground.Cms.Api.Http.Controllers.Playground.SnippetRouteTest" assertions="1" time="0.187501"/>
        <testcase name="test_json_admin_can_get_index" file="/app/vendor/gammamatrix/playground-test/src/Feature/Http/Controllers/Resource/Playground/IndexJsonTrait.php" line="50" class="Tests\Feature\Playground\Cms\Api\Http\Controllers\Playground\SnippetRouteTest" classname="Tests.Feature.Playground.Cms.Api.Http.Controllers.Playground.SnippetRouteTest" assertions="94" time="0.222517"/>
        <testcase name="test_json_admin_can_get_index_with_filters" file="/app/vendor/gammamatrix/playground-test/src/Feature/Http/Controllers/Resource/Playground/IndexJsonTrait.php" line="86" class="Tests\Feature\Playground\Cms\Api\Http\Controllers\Playground\SnippetRouteTest" classname="Tests.Feature.Playground.Cms.Api.Http.Controllers.Playground.SnippetRouteTest" assertions="3" time="0.218111"/>
        <testcase name="test_json_guest_cannot_lock" file="/app/vendor/gammamatrix/playground-test/src/Feature/Http/Controllers/Resource/Playground/LockJsonTrait.php" line="37" class="Tests\Feature\Playground\Cms\Api\Http\Controllers\Playground\SnippetRouteTest" classname="Tests.Feature.Playground.Cms.Api.Http.Controllers.Playground.SnippetRouteTest" assertions="3" time="0.192072"/>
        <testcase name="test_json_lock_as_admin_and_succeed" file="/app/vendor/gammamatrix/playground-test/src/Feature/Http/Controllers/Resource/Playground/LockJsonTrait.php" line="67" class="Tests\Feature\Playground\Cms\Api\Http\Controllers\Playground\SnippetRouteTest" classname="Tests.Feature.Playground.Cms.Api.Http.Controllers.Playground.SnippetRouteTest" assertions="3" time="0.215063"/>
        <testcase name="test_json_lock_as_admin_and_succeed_with_no_redirect" file="/app/vendor/gammamatrix/playground-test/src/Feature/Http/Controllers/Resource/Playground/LockJsonTrait.php" line="99" class="Tests\Feature\Playground\Cms\Api\Http\Controllers\Playground\SnippetRouteTest" classname="Tests.Feature.Playground.Cms.Api.Http.Controllers.Playground.SnippetRouteTest" assertions="92" time="0.217166"/>
        <testcase name="test_json_lock_as_user_and_get_denied" file="/app/vendor/gammamatrix/playground-test/src/Feature/Http/Controllers/Resource/Playground/LockJsonTrait.php" line="144" class="Tests\Feature\Playground\Cms\Api\Http\Controllers\Playground\SnippetRouteTest" classname="Tests.Feature.Playground.Cms.Api.Http.Controllers.Playground.SnippetRouteTest" assertions="3" time="0.207321"/>
        <testcase name="test_json_guest_cannot_restore" file="/app/vendor/gammamatrix/playground-test/src/Feature/Http/Controllers/Resource/Playground/RestoreJsonTrait.php" line="33" class="Tests\Feature\Playground\Cms\Api\Http\Controllers\Playground\SnippetRouteTest" classname="Tests.Feature.Playground.Cms.Api.Http.Controllers.Playground.SnippetRouteTest" assertions="3" time="0.195716"/>
        <testcase name="test_json_restore_as_admin_and_succeed" file="/app/vendor/gammamatrix/playground-test/src/Feature/Http/Controllers/Resource/Playground/RestoreJsonTrait.php" line="65" class="Tests\Feature\Playground\Cms\Api\Http\Controllers\Playground\SnippetRouteTest" classname="Tests.Feature.Playground.Cms.Api.Http.Controllers.Playground.SnippetRouteTest" assertions="92" time="0.224759"/>
        <testcase name="test_json_restore_as_admin_and_succeed_with_no_redirect" file="/app/vendor/gammamatrix/playground-test/src/Feature/Http/Controllers/Resource/Playground/RestoreJsonTrait.php" line="101" class="Tests\Feature\Playground\Cms\Api\Http\Controllers\Playground\SnippetRouteTest" classname="Tests.Feature.Playground.Cms.Api.Http.Controllers.Playground.SnippetRouteTest" assertions="92" time="0.218009"/>
        <testcase name="test_json_restore_as_user_and_get_denied" file="/app/vendor/gammamatrix/playground-test/src/Feature/Http/Controllers/Resource/Playground/RestoreJsonTrait.php" line="144" class="Tests\Feature\Playground\Cms\Api\Http\Controllers\Playground\SnippetRouteTest" classname="Tests.Feature.Playground.Cms.Api.Http.Controllers.Playground.SnippetRouteTest" assertions="3" time="0.211265"/>
        <testcase name="test_json_guest_cannot_restore_revision" file="/app/vendor/gammamatrix/playground-test/src/Feature/Http/Controllers/Resource/Playground/RestoreRevisionJsonTrait.php" line="44" class="Tests\Feature\Playground\Cms\Api\Http\Controllers\Playground\SnippetRouteTest" classname="Tests.Feature.Playground.Cms.Api.Http.Controllers.Playground.SnippetRouteTest" assertions="3" time="0.207701"/>
        <testcase name="test_json_restore_revision_as_admin_and_succeed" file="/app/vendor/gammamatrix/playground-test/src/Feature/Http/Controllers/Resource/Playground/RestoreRevisionJsonTrait.php" line="80" class="Tests\Feature\Playground\Cms\Api\Http\Controllers\Playground\SnippetRouteTest" classname="Tests.Feature.Playground.Cms.Api.Http.Controllers.Playground.SnippetRouteTest" assertions="92" time="0.275404"/>
        <testcase name="test_json_restore_revision_as_admin_and_succeed_without_redirect" file="/app/vendor/gammamatrix/playground-test/src/Feature/Http/Controllers/Resource/Playground/RestoreRevisionJsonTrait.php" line="120" class="Tests\Feature\Playground\Cms\Api\Http\Controllers\Playground\SnippetRouteTest" classname="Tests.Feature.Playground.Cms.Api.Http.Controllers.Playground.SnippetRouteTest" assertions="92" time="0.273067"/>
        <testcase name="test_json_restore_revision_as_user_and_get_denied" file="/app/vendor/gammamatrix/playground-test/src/Feature/Http/Controllers/Resource/Playground/RestoreRevisionJsonTrait.php" line="172" class="Tests\Feature\Playground\Cms\Api\Http\Controllers\Playground\SnippetRouteTest" classname="Tests.Feature.Playground.Cms.Api.Http.Controllers.Playground.SnippetRouteTest" assertions="3" time="0.216817"/>
        <testcase name="test_json_guest_cannot_render_revision_view" file="/app/vendor/gammamatrix/playground-test/src/Feature/Http/Controllers/Resource/Playground/RevisionJsonTrait.php" line="39" class="Tests\Feature\Playground\Cms\Api\Http\Controllers\Playground\SnippetRouteTest" classname="Tests.Feature.Playground.Cms.Api.Http.Controllers.Playground.SnippetRouteTest" assertions="2" time="0.206063"/>
        <testcase name="test_json_admin_can_get_revision_info" file="/app/vendor/gammamatrix/playground-test/src/Feature/Http/Controllers/Resource/Playground/RevisionJsonTrait.php" line="70" class="Tests\Feature\Playground\Cms\Api\Http\Controllers\Playground\SnippetRouteTest" classname="Tests.Feature.Playground.Cms.Api.Http.Controllers.Playground.SnippetRouteTest" assertions="91" time="0.227232"/>
        <testcase name="test_json_guest_cannot_get_revisions" file="/app/vendor/gammamatrix/playground-test/src/Feature/Http/Controllers/Resource/Playground/RevisionsJsonTrait.php" line="35" class="Tests\Feature\Playground\Cms\Api\Http\Controllers\Playground\SnippetRouteTest" classname="Tests.Feature.Playground.Cms.Api.Http.Controllers.Playground.SnippetRouteTest" assertions="2" time="0.238105"/>
        <testcase name="test_json_admin_can_get_revisions" file="/app/vendor/gammamatrix/playground-test/src/Feature/Http/Controllers/Resource/Playground/RevisionsJsonTrait.php" line="64" class="Tests\Feature\Playground\Cms\Api\Http\Controllers\Playground\SnippetRouteTest" classname="Tests.Feature.Playground.Cms.Api.Http.Controllers.Playground.SnippetRouteTest" assertions="2" time="0.233821"/>
        <testcase name="test_json_admin_can_get_revisions_with_filters" file="/app/vendor/gammamatrix/playground-test/src/Feature/Http/Controllers/Resource/Playground/RevisionsJsonTrait.php" line="105" class="Tests\Feature\Playground\Cms\Api\Http\Controllers\Playground\SnippetRouteTest" classname="Tests.Feature.Playground.Cms.Api.Http.Controllers.Playground.SnippetRouteTest" assertions="95" time="0.233473"/>
        <testcase name="test_json_guest_cannot_see_info" file="/app/vendor/gammamatrix/playground-test/src/Feature/Http/Controllers/Resource/Playground/ShowJsonTrait.php" line="30" class="Tests\Feature\Playground\Cms\Api\Http\Controllers\Playground\SnippetRouteTest" classname="Tests.Feature.Playground.Cms.Api.Http.Controllers.Playground.SnippetRouteTest" assertions="1" time="0.194432"/>
        <testcase name="test_json_show_info_for_admin" file="/app/vendor/gammamatrix/playground-test/src/Feature/Http/Controllers/Resource/Playground/ShowJsonTrait.php" line="50" class="Tests\Feature\Playground\Cms\Api\Http\Controllers\Playground\SnippetRouteTest" classname="Tests.Feature.Playground.Cms.Api.Http.Controllers.Playground.SnippetRouteTest" assertions="91" time="0.213536"/>
        <testcase name="test_json_guest_cannot_store" file="/app/vendor/gammamatrix/playground-test/src/Feature/Http/Controllers/Resource/Playground/StoreJsonTrait.php" line="44" class="Tests\Feature\Playground\Cms\Api\Http\Controllers\Playground\SnippetRouteTest" classname="Tests.Feature.Playground.Cms.Api.Http.Controllers.Playground.SnippetRouteTest" assertions="3" time="0.192870"/>
        <testcase name="test_json_store_as_admin_without_payload_and_fail_validation" file="/app/vendor/gammamatrix/playground-test/src/Feature/Http/Controllers/Resource/Playground/StoreJsonTrait.php" line="67" class="Tests\Feature\Playground\Cms\Api\Http\Controllers\Playground\SnippetRouteTest" classname="Tests.Feature.Playground.Cms.Api.Http.Controllers.Playground.SnippetRouteTest" assertions="5" time="0.210521"/>
        <testcase name="test_json_store_as_admin_and_succeed" file="/app/vendor/gammamatrix/playground-test/src/Feature/Http/Controllers/Resource/Playground/StoreJsonTrait.php" line="93" class="Tests\Feature\Playground\Cms\Api\Http\Controllers\Playground\SnippetRouteTest" classname="Tests.Feature.Playground.Cms.Api.Http.Controllers.Playground.SnippetRouteTest" assertions="3" time="0.240295"/>
        <testcase name="test_json_guest_cannot_unlock" file="/app/vendor/gammamatrix/playground-test/src/Feature/Http/Controllers/Resource/Playground/UnlockJsonTrait.php" line="37" class="Tests\Feature\Playground\Cms\Api\Http\Controllers\Playground\SnippetRouteTest" classname="Tests.Feature.Playground.Cms.Api.Http.Controllers.Playground.SnippetRouteTest" assertions="3" time="0.200619"/>
        <testcase name="test_json_unlock_as_admin_and_succeed" file="/app/vendor/gammamatrix/playground-test/src/Feature/Http/Controllers/Resource/Playground/UnlockJsonTrait.php" line="69" class="Tests\Feature\Playground\Cms\Api\Http\Controllers\Playground\SnippetRouteTest" classname="Tests.Feature.Playground.Cms.Api.Http.Controllers.Playground.SnippetRouteTest" assertions="92" time="0.234715"/>
        <testcase name="test_json_unlock_as_admin_and_succeed_with_no_redirect" file="/app/vendor/gammamatrix/playground-test/src/Feature/Http/Controllers/Resource/Playground/UnlockJsonTrait.php" line="105" class="Tests\Feature\Playground\Cms\Api\Http\Controllers\Playground\SnippetRouteTest" classname="Tests.Feature.Playground.Cms.Api.Http.Controllers.Playground.SnippetRouteTest" assertions="92" time="0.222663"/>
        <testcase name="test_json_unlock_as_user_and_get_denied" file="/app/vendor/gammamatrix/playground-test/src/Feature/Http/Controllers/Resource/Playground/UnlockJsonTrait.php" line="146" class="Tests\Feature\Playground\Cms\Api\Http\Controllers\Playground\SnippetRouteTest" classname="Tests.Feature.Playground.Cms.Api.Http.Controllers.Playground.SnippetRouteTest" assertions="3" time="0.213053"/>
        <testcase name="test_json_guest_cannot_update" file="/app/vendor/gammamatrix/playground-test/src/Feature/Http/Controllers/Resource/Playground/UpdateJsonTrait.php" line="46" class="Tests\Feature\Playground\Cms\Api\Http\Controllers\Playground\SnippetRouteTest" classname="Tests.Feature.Playground.Cms.Api.Http.Controllers.Playground.SnippetRouteTest" assertions="1" time="0.200089"/>
        <testcase name="test_json_update_as_admin_without_payload_and_passes_validation" file="/app/vendor/gammamatrix/playground-test/src/Feature/Http/Controllers/Resource/Playground/UpdateJsonTrait.php" line="66" class="Tests\Feature\Playground\Cms\Api\Http\Controllers\Playground\SnippetRouteTest" classname="Tests.Feature.Playground.Cms.Api.Http.Controllers.Playground.SnippetRouteTest" assertions="2" time="0.254922"/>
        <testcase name="test_json_admin_can_update" file="/app/vendor/gammamatrix/playground-test/src/Feature/Http/Controllers/Resource/Playground/UpdateJsonTrait.php" line="114" class="Tests\Feature\Playground\Cms\Api\Http\Controllers\Playground\SnippetRouteTest" classname="Tests.Feature.Playground.Cms.Api.Http.Controllers.Playground.SnippetRouteTest" assertions="94" time="0.289741"/>
      </testsuite>
      <testsuite name="Tests\Feature\Playground\Cms\Api\Http\Requests\FormRequest\InstanceTest" file="/app/tests/Feature/Http/Requests/FormRequest/InstanceTest.php" tests="1" assertions="1" errors="0" failures="0" skipped="0" time="0.182676">
        <testcase name="test_form_request_authorize_with_admin" file="/app/tests/Feature/Http/Requests/FormRequest/InstanceTest.php" line="23" class="Tests\Feature\Playground\Cms\Api\Http\Requests\FormRequest\InstanceTest" classname="Tests.Feature.Playground.Cms.Api.Http.Requests.FormRequest.InstanceTest" assertions="1" time="0.182676"/>
      </testsuite>
    </testsuite>
  </testsuite>
</testsuites>
